Parsing Result:
人物: 严嵩
来源链接: mock_url
==================================================

严嵩（1480年－1567年），字惟中，号介溪，江西分宜人，祖籍福建邵武，明朝权臣，官至内阁首辅。

严嵩擅专国政达二十年之久，累进吏部尚书，谨身殿大学士、少傅兼太子太师，少师、华盖殿大学士。


==================== 参考文献 ====================

[1] 《明史》卷三百零八
[2] 《明实录》

